[     558ms] [WARNING] [Vue warn]: Invalid prop: type check failed for prop "labelCol". Expected Object, got String with value "{ span: 4 }". 
  at <AForm model= {appName: , cover: , priority: 0, initPrompt: } rules= {appName: Array(1), initPrompt: Array(1)} ref="formRef"  ... > 
  at <ACard title="编辑应用" style= {margin: 20px} > 
  at <AppEditPage id="345008734104064000" onVnodeUnmounted=fn<onVnodeUnmounted> ref=Ref< undefined > > 
  at <RouterView > 
  at <Anonymous hasSider=undefined prefixCls="ant-layout-content" tagName="main"  ... > 
  at <ALayoutContent class="main-content" > 
  at <Anonymous hasSider=undefined prefixCls="ant-layout" tagName="section"  ... > 
  at <ALayout class="basic-layout" > 
  at <BasicLayout > 
  at <App> @ http://localhost:5173/node_modules/.vite/deps/chunk-VZXQDS5F.js?v=887613c6:2124
[     558ms] [WARNING] [Vue warn]: Invalid prop: type check failed for prop "wrapperCol". Expected Object, got String with value "{ span: 16 }". 
  at <AForm model= {appName: , cover: , priority: 0, initPrompt: } rules= {appName: Array(1), initPrompt: Array(1)} ref="formRef"  ... > 
  at <ACard title="编辑应用" style= {margin: 20px} > 
  at <AppEditPage id="345008734104064000" onVnodeUnmounted=fn<onVnodeUnmounted> ref=Ref< undefined > > 
  at <RouterView > 
  at <Anonymous hasSider=undefined prefixCls="ant-layout-content" tagName="main"  ... > 
  at <ALayoutContent class="main-content" > 
  at <Anonymous hasSider=undefined prefixCls="ant-layout" tagName="section"  ... > 
  at <ALayout class="basic-layout" > 
  at <BasicLayout > 
  at <App> @ http://localhost:5173/node_modules/.vite/deps/chunk-VZXQDS5F.js?v=887613c6:2124
[  118816ms] The requested module '/src/api/appController.ts' does not provide an export named 'getAppById'
[  130187ms] [WARNING] [Vue warn]: Invalid prop: type check failed for prop "labelCol". Expected Object, got String with value "{ span: 4 }". 
  at <AForm model= {appName: , cover: , priority: 0, initPrompt: } rules= {appName: Array(1), initPrompt: Array(1)} ref="formRef"  ... > 
  at <ACard title="编辑应用" style= {margin: 20px} > 
  at <AppEditPage id="395414742189670400" onVnodeUnmounted=fn<onVnodeUnmounted> ref=Ref< null > > 
  at <RouterView > 
  at <Anonymous hasSider=undefined prefixCls="ant-layout-content" tagName="main"  ... > 
  at <ALayoutContent class="main-content" > 
  at <Anonymous hasSider=undefined prefixCls="ant-layout" tagName="section"  ... > 
  at <ALayout class="basic-layout" > 
  at <BasicLayout > 
  at <App> @ http://localhost:5173/node_modules/.vite/deps/chunk-VZXQDS5F.js?v=887613c6:2124
[  130188ms] [WARNING] [Vue warn]: Invalid prop: type check failed for prop "wrapperCol". Expected Object, got String with value "{ span: 16 }". 
  at <AForm model= {appName: , cover: , priority: 0, initPrompt: } rules= {appName: Array(1), initPrompt: Array(1)} ref="formRef"  ... > 
  at <ACard title="编辑应用" style= {margin: 20px} > 
  at <AppEditPage id="395414742189670400" onVnodeUnmounted=fn<onVnodeUnmounted> ref=Ref< null > > 
  at <RouterView > 
  at <Anonymous hasSider=undefined prefixCls="ant-layout-content" tagName="main"  ... > 
  at <ALayoutContent class="main-content" > 
  at <Anonymous hasSider=undefined prefixCls="ant-layout" tagName="section"  ... > 
  at <ALayout class="basic-layout" > 
  at <BasicLayout > 
  at <App> @ http://localhost:5173/node_modules/.vite/deps/chunk-VZXQDS5F.js?v=887613c6:2124
[  133217ms] [WARNING] [Vue warn]: Invalid prop: type check failed for prop "labelCol". Expected Object, got String with value "{ span: 4 }". 
  at <AForm model= {appName: , cover: , priority: 0, initPrompt: } rules= {appName: Array(1), initPrompt: Array(1)} ref="formRef"  ... > 
  at <ACard title="编辑应用" style= {margin: 20px} > 
  at <AppEditPage id="395413142721228800" onVnodeUnmounted=fn<onVnodeUnmounted> ref=Ref< null > > 
  at <RouterView > 
  at <Anonymous hasSider=undefined prefixCls="ant-layout-content" tagName="main"  ... > 
  at <ALayoutContent class="main-content" > 
  at <Anonymous hasSider=undefined prefixCls="ant-layout" tagName="section"  ... > 
  at <ALayout class="basic-layout" > 
  at <BasicLayout > 
  at <App> @ http://localhost:5173/node_modules/.vite/deps/chunk-VZXQDS5F.js?v=887613c6:2124
[  133218ms] [WARNING] [Vue warn]: Invalid prop: type check failed for prop "wrapperCol". Expected Object, got String with value "{ span: 16 }". 
  at <AForm model= {appName: , cover: , priority: 0, initPrompt: } rules= {appName: Array(1), initPrompt: Array(1)} ref="formRef"  ... > 
  at <ACard title="编辑应用" style= {margin: 20px} > 
  at <AppEditPage id="395413142721228800" onVnodeUnmounted=fn<onVnodeUnmounted> ref=Ref< null > > 
  at <RouterView > 
  at <Anonymous hasSider=undefined prefixCls="ant-layout-content" tagName="main"  ... > 
  at <ALayoutContent class="main-content" > 
  at <Anonymous hasSider=undefined prefixCls="ant-layout" tagName="section"  ... > 
  at <ALayout class="basic-layout" > 
  at <BasicLayout > 
  at <App> @ http://localhost:5173/node_modules/.vite/deps/chunk-VZXQDS5F.js?v=887613c6:2124
[  136514ms] [WARNING] [Vue warn]: Invalid prop: type check failed for prop "total". Expected Number with value 20, got String with value "20". 
  at <APagination current=1 pageSize=20 total="20"  ... > 
  at <ASpin spinning=false > 
  at <InternalTable ref=Ref< Proxy(Object) > prefixCls=undefined columns= [Object, Object, Object, Object, Object, Object, Object, Object, Object, Object, Object]  ... > 
  at <ATable columns= [Object, Object, Object, Object, Object, Object, Object, Object, Object, Object, Object] data-source= [Object, Object, Object, Object, Object, Object, Object, Object, Object, Object, Object, Object, Object, Object, Object, Object, Object, Object, Object, Object] pagination= {current: 1, pageSize: 20, total: 20}  ... > 
  at <ACard title="应用管理" style= {margin: 20px} > 
  at <AppManagePage onVnodeUnmounted=fn<onVnodeUnmounted> ref=Ref< Proxy(Object) > > 
  at <RouterView > 
  at <Anonymous hasSider=undefined prefixCls="ant-layout-content" tagName="main"  ... > 
  at <ALayoutContent class="main-content" > 
  at <Anonymous hasSider=undefined prefixCls="ant-layout" tagName="section"  ... > 
  at <ALayout class="basic-layout" > 
  at <BasicLayout > 
  at <App> @ http://localhost:5173/node_modules/.vite/deps/chunk-VZXQDS5F.js?v=887613c6:2124
[  136523ms] [WARNING] [Vue warn]: Invalid prop: type check failed for prop "total". Expected Number with value 20, got String with value "20". 
  at <Pagination current=1 pageSize=20 total="20"  ... > 
  at <APagination current=1 pageSize=20 total="20"  ... > 
  at <ASpin spinning=false > 
  at <InternalTable ref=Ref< Proxy(Object) > prefixCls=undefined columns= [Object, Object, Object, Object, Object, Object, Object, Object, Object, Object, Object]  ... > 
  at <ATable columns= [Object, Object, Object, Object, Object, Object, Object, Object, Object, Object, Object] data-source= [Object, Object, Object, Object, Object, Object, Object, Object, Object, Object, Object, Object, Object, Object, Object, Object, Object, Object, Object, Object] pagination= {current: 1, pageSize: 20, total: 20}  ... > 
  at <ACard title="应用管理" style= {margin: 20px} > 
  at <AppManagePage onVnodeUnmounted=fn<onVnodeUnmounted> ref=Ref< Proxy(Object) > > 
  at <RouterView > 
  at <Anonymous hasSider=undefined prefixCls="ant-layout-content" tagName="main"  ... > 
  at <ALayoutContent class="main-content" > 
  at <Anonymous hasSider=undefined prefixCls="ant-layout" tagName="section"  ... > 
  at <ALayout class="basic-layout" > 
  at <BasicLayout > 
  at <App> @ http://localhost:5173/node_modules/.vite/deps/chunk-VZXQDS5F.js?v=887613c6:2124
[  136533ms] [WARNING] [Vue warn]: Invalid prop: type check failed for prop "total". Expected Number with value 20, got String with value "20". 
  at <Pagination current=1 pageSize=20 total="20"  ... > 
  at <APagination current=1 pageSize=20 total="20"  ... > 
  at <ASpin spinning=false > 
  at <InternalTable ref=Ref< Proxy(Object) > prefixCls=undefined columns= [Object, Object, Object, Object, Object, Object, Object, Object, Object, Object, Object]  ... > 
  at <ATable columns= [Object, Object, Object, Object, Object, Object, Object, Object, Object, Object, Object] data-source= [Object, Object, Object, Object, Object, Object, Object, Object, Object, Object, Object, Object, Object, Object, Object, Object, Object, Object, Object, Object] pagination= {current: 1, pageSize: 20, total: 20}  ... > 
  at <ACard title="应用管理" style= {margin: 20px} > 
  at <AppManagePage onVnodeUnmounted=fn<onVnodeUnmounted> ref=Ref< Proxy(Object) > > 
  at <RouterView > 
  at <Anonymous hasSider=undefined prefixCls="ant-layout-content" tagName="main"  ... > 
  at <ALayoutContent class="main-content" > 
  at <Anonymous hasSider=undefined prefixCls="ant-layout" tagName="section"  ... > 
  at <ALayout class="basic-layout" > 
  at <BasicLayout > 
  at <App> @ http://localhost:5173/node_modules/.vite/deps/chunk-VZXQDS5F.js?v=887613c6:2124
[  138019ms] [WARNING] [Vue warn]: Invalid prop: type check failed for prop "labelCol". Expected Object, got String with value "{ span: 4 }". 
  at <AForm model= {appName: , cover: , priority: 0, initPrompt: } rules= {appName: Array(1), initPrompt: Array(1)} ref="formRef"  ... > 
  at <ACard title="编辑应用" style= {margin: 20px} > 
  at <AppEditPage id="392914645971333120" onVnodeUnmounted=fn<onVnodeUnmounted> ref=Ref< null > > 
  at <RouterView > 
  at <Anonymous hasSider=undefined prefixCls="ant-layout-content" tagName="main"  ... > 
  at <ALayoutContent class="main-content" > 
  at <Anonymous hasSider=undefined prefixCls="ant-layout" tagName="section"  ... > 
  at <ALayout class="basic-layout" > 
  at <BasicLayout > 
  at <App> @ http://localhost:5173/node_modules/.vite/deps/chunk-VZXQDS5F.js?v=887613c6:2124
[  138019ms] [WARNING] [Vue warn]: Invalid prop: type check failed for prop "wrapperCol". Expected Object, got String with value "{ span: 16 }". 
  at <AForm model= {appName: , cover: , priority: 0, initPrompt: } rules= {appName: Array(1), initPrompt: Array(1)} ref="formRef"  ... > 
  at <ACard title="编辑应用" style= {margin: 20px} > 
  at <AppEditPage id="392914645971333120" onVnodeUnmounted=fn<onVnodeUnmounted> ref=Ref< null > > 
  at <RouterView > 
  at <Anonymous hasSider=undefined prefixCls="ant-layout-content" tagName="main"  ... > 
  at <ALayoutContent class="main-content" > 
  at <Anonymous hasSider=undefined prefixCls="ant-layout" tagName="section"  ... > 
  at <ALayout class="basic-layout" > 
  at <BasicLayout > 
  at <App> @ http://localhost:5173/node_modules/.vite/deps/chunk-VZXQDS5F.js?v=887613c6:2124
